// Jest Snapshot v1, https://goo.gl/fbAQLP

exports[`SearchBar component has a valid snapshot. SearchBar has a valid snapshot 1`] = `
<form>
  <input
    type="text"
  />
  <button
    type="submit"
  />
</form>
`;
